------------------------------------------------------------
TimeQuest Timing Analyzer Summary
------------------------------------------------------------

Type  : Slow 1200mV 100C Model Setup 'clk_lsdr'
Slack : -5.762
TNS   : -2767.900

Type  : Slow 1200mV 100C Model Setup 'clk_llc'
Slack : -3.364
TNS   : -75.709

Type  : Slow 1200mV 100C Model Setup 'clk_div[1]'
Slack : -1.654
TNS   : -19.036

Type  : Slow 1200mV 100C Model Setup 'vadr[14]'
Slack : -0.836
TNS   : -3.112

Type  : Slow 1200mV 100C Model Setup 'clk_llc2'
Slack : -0.240
TNS   : -0.240

Type  : Slow 1200mV 100C Model Setup 'href'
Slack : 0.203
TNS   : 0.000

Type  : Slow 1200mV 100C Model Setup 'odd'
Slack : 0.203
TNS   : 0.000

Type  : Slow 1200mV 100C Model Hold 'clk_div[1]'
Slack : -0.523
TNS   : -7.581

Type  : Slow 1200mV 100C Model Hold 'clk_llc2'
Slack : -0.095
TNS   : -0.095

Type  : Slow 1200mV 100C Model Hold 'clk_llc'
Slack : -0.027
TNS   : -0.027

Type  : Slow 1200mV 100C Model Hold 'clk_lsdr'
Slack : 0.272
TNS   : 0.000

Type  : Slow 1200mV 100C Model Hold 'vadr[14]'
Slack : 0.415
TNS   : 0.000

Type  : Slow 1200mV 100C Model Hold 'href'
Slack : 0.449
TNS   : 0.000

Type  : Slow 1200mV 100C Model Hold 'odd'
Slack : 0.449
TNS   : 0.000

Type  : Slow 1200mV 100C Model Minimum Pulse Width 'clk_lsdr'
Slack : -3.000
TNS   : -1773.380

Type  : Slow 1200mV 100C Model Minimum Pulse Width 'clk_llc'
Slack : -3.000
TNS   : -60.825

Type  : Slow 1200mV 100C Model Minimum Pulse Width 'clk_llc2'
Slack : -3.000
TNS   : -5.570

Type  : Slow 1200mV 100C Model Minimum Pulse Width 'href'
Slack : -3.000
TNS   : -4.285

Type  : Slow 1200mV 100C Model Minimum Pulse Width 'odd'
Slack : -3.000
TNS   : -4.285

Type  : Slow 1200mV 100C Model Minimum Pulse Width 'clk_div[1]'
Slack : -1.285
TNS   : -23.130

Type  : Slow 1200mV 100C Model Minimum Pulse Width 'vadr[14]'
Slack : -1.285
TNS   : -7.710

Type  : Slow 1200mV -40C Model Setup 'clk_lsdr'
Slack : -5.093
TNS   : -2401.076

Type  : Slow 1200mV -40C Model Setup 'clk_llc'
Slack : -2.888
TNS   : -63.588

Type  : Slow 1200mV -40C Model Setup 'clk_div[1]'
Slack : -1.230
TNS   : -13.648

Type  : Slow 1200mV -40C Model Setup 'vadr[14]'
Slack : -0.593
TNS   : -1.972

Type  : Slow 1200mV -40C Model Setup 'clk_llc2'
Slack : -0.096
TNS   : -0.096

Type  : Slow 1200mV -40C Model Setup 'href'
Slack : 0.320
TNS   : 0.000

Type  : Slow 1200mV -40C Model Setup 'odd'
Slack : 0.320
TNS   : 0.000

Type  : Slow 1200mV -40C Model Hold 'clk_div[1]'
Slack : -0.422
TNS   : -7.050

Type  : Slow 1200mV -40C Model Hold 'clk_llc2'
Slack : 0.035
TNS   : 0.000

Type  : Slow 1200mV -40C Model Hold 'clk_llc'
Slack : 0.115
TNS   : 0.000

Type  : Slow 1200mV -40C Model Hold 'clk_lsdr'
Slack : 0.252
TNS   : 0.000

Type  : Slow 1200mV -40C Model Hold 'vadr[14]'
Slack : 0.352
TNS   : 0.000

Type  : Slow 1200mV -40C Model Hold 'href'
Slack : 0.382
TNS   : 0.000

Type  : Slow 1200mV -40C Model Hold 'odd'
Slack : 0.382
TNS   : 0.000

Type  : Slow 1200mV -40C Model Minimum Pulse Width 'clk_lsdr'
Slack : -3.000
TNS   : -1734.340

Type  : Slow 1200mV -40C Model Minimum Pulse Width 'clk_llc'
Slack : -3.000
TNS   : -60.825

Type  : Slow 1200mV -40C Model Minimum Pulse Width 'clk_llc2'
Slack : -3.000
TNS   : -5.570

Type  : Slow 1200mV -40C Model Minimum Pulse Width 'href'
Slack : -3.000
TNS   : -4.285

Type  : Slow 1200mV -40C Model Minimum Pulse Width 'odd'
Slack : -3.000
TNS   : -4.285

Type  : Slow 1200mV -40C Model Minimum Pulse Width 'clk_div[1]'
Slack : -1.285
TNS   : -23.130

Type  : Slow 1200mV -40C Model Minimum Pulse Width 'vadr[14]'
Slack : -1.285
TNS   : -7.710

Type  : Fast 1200mV -40C Model Setup 'clk_lsdr'
Slack : -2.449
TNS   : -1015.008

Type  : Fast 1200mV -40C Model Setup 'clk_llc'
Slack : -0.969
TNS   : -13.925

Type  : Fast 1200mV -40C Model Setup 'clk_div[1]'
Slack : -0.230
TNS   : -0.854

Type  : Fast 1200mV -40C Model Setup 'clk_llc2'
Slack : 0.125
TNS   : 0.000

Type  : Fast 1200mV -40C Model Setup 'vadr[14]'
Slack : 0.162
TNS   : 0.000

Type  : Fast 1200mV -40C Model Setup 'href'
Slack : 0.642
TNS   : 0.000

Type  : Fast 1200mV -40C Model Setup 'odd'
Slack : 0.642
TNS   : 0.000

Type  : Fast 1200mV -40C Model Hold 'clk_div[1]'
Slack : -0.323
TNS   : -4.922

Type  : Fast 1200mV -40C Model Hold 'clk_llc'
Slack : -0.142
TNS   : -0.142

Type  : Fast 1200mV -40C Model Hold 'clk_llc2'
Slack : -0.099
TNS   : -0.099

Type  : Fast 1200mV -40C Model Hold 'clk_lsdr'
Slack : 0.161
TNS   : 0.000

Type  : Fast 1200mV -40C Model Hold 'vadr[14]'
Slack : 0.180
TNS   : 0.000

Type  : Fast 1200mV -40C Model Hold 'href'
Slack : 0.197
TNS   : 0.000

Type  : Fast 1200mV -40C Model Hold 'odd'
Slack : 0.197
TNS   : 0.000

Type  : Fast 1200mV -40C Model Minimum Pulse Width 'clk_lsdr'
Slack : -3.000
TNS   : -884.016

Type  : Fast 1200mV -40C Model Minimum Pulse Width 'clk_llc'
Slack : -3.000
TNS   : -61.129

Type  : Fast 1200mV -40C Model Minimum Pulse Width 'clk_llc2'
Slack : -3.000
TNS   : -5.733

Type  : Fast 1200mV -40C Model Minimum Pulse Width 'odd'
Slack : -3.000
TNS   : -4.167

Type  : Fast 1200mV -40C Model Minimum Pulse Width 'href'
Slack : -3.000
TNS   : -4.135

Type  : Fast 1200mV -40C Model Minimum Pulse Width 'clk_div[1]'
Slack : -1.000
TNS   : -18.000

Type  : Fast 1200mV -40C Model Minimum Pulse Width 'vadr[14]'
Slack : -1.000
TNS   : -6.000

------------------------------------------------------------
